              _             
             (_)            
   __ _ _ __  _ _ __   __ _ 
  / _` | '_ \| | '_ \ / _` |
 | (_| | | | | | | | | (_| |
  \__, |_| |_|_|_| |_|\__,_|
   __/ |                    
  |___/                     

gnina v1.3.3 master:6fe1ce2   Built Jun 30 2026.
gnina is based on smina and AutoDock Vina.
Please cite appropriately.

Commandline: gnina --receptor input/4DFR_chainA_raw.pdb --ligand input/poses/pose_09.sdf --score_only --cnn_scoring rescore --no_gpu --cpu 6 --out output/poses/pose_09_gnina.sdf --log output/logs/pose_09.log
## Name gauss(o=0,_w=0.5,_c=8) gauss(o=3,_w=2,_c=8) repulsion(o=0,_c=8) hydrophobic(g=0.5,_b=1.5,_c=8) non_dir_h_bond(g=-0.7,_b=0,_c=8) num_tors_div
Affinity: -7.82121 (kcal/mol)
CNNscore: 0.16408 
CNNaffinity: 5.48729
CNNvariance: 0.65894
Intramolecular energy: -1.54296
Term values, before weighting:
## MTX 94.78453 1480.12756 2.07303 30.56538 2.72765 0.00000
