              _             
             (_)            
   __ _ _ __  _ _ __   __ _ 
  / _` | '_ \| | '_ \ / _` |
 | (_| | | | | | | | | (_| |
  \__, |_| |_|_|_| |_|\__,_|
   __/ |                    
  |___/                     

gnina v1.3.3 master:6fe1ce2   Built Jun 30 2026.
gnina is based on smina and AutoDock Vina.
Please cite appropriately.

Commandline: gnina --receptor input/4DFR_chainA_raw.pdb --ligand input/poses/pose_06.sdf --score_only --cnn_scoring rescore --no_gpu --cpu 6 --out output/poses/pose_06_gnina.sdf --log output/logs/pose_06.log
## Name gauss(o=0,_w=0.5,_c=8) gauss(o=3,_w=2,_c=8) repulsion(o=0,_c=8) hydrophobic(g=0.5,_b=1.5,_c=8) non_dir_h_bond(g=-0.7,_b=0,_c=8) num_tors_div
Affinity: -7.61629 (kcal/mol)
CNNscore: 0.01905 
CNNaffinity: 4.84467
CNNvariance: 0.91008
Intramolecular energy: -1.62200
Term values, before weighting:
## MTX 77.29079 1634.58093 1.70632 10.87937 2.54987 0.00000
