              _             
             (_)            
   __ _ _ __  _ _ __   __ _ 
  / _` | '_ \| | '_ \ / _` |
 | (_| | | | | | | | | (_| |
  \__, |_| |_|_|_| |_|\__,_|
   __/ |                    
  |___/                     

gnina v1.3.3 master:6fe1ce2   Built Jun 30 2026.
gnina is based on smina and AutoDock Vina.
Please cite appropriately.

Commandline: gnina --receptor input/4DFR_chainA_raw.pdb --ligand input/poses/pose_07.sdf --score_only --cnn_scoring rescore --no_gpu --cpu 6 --out output/poses/pose_07_gnina.sdf --log output/logs/pose_07.log
## Name gauss(o=0,_w=0.5,_c=8) gauss(o=3,_w=2,_c=8) repulsion(o=0,_c=8) hydrophobic(g=0.5,_b=1.5,_c=8) non_dir_h_bond(g=-0.7,_b=0,_c=8) num_tors_div
Affinity: -8.26627 (kcal/mol)
CNNscore: 0.09114 
CNNaffinity: 5.00240
CNNvariance: 0.93689
Intramolecular energy: -0.91570
Term values, before weighting:
## MTX 90.25038 1498.61584 1.66371 37.15495 3.01740 0.00000
